// Jest Snapshot v1, https://goo.gl/fbAQLP

exports[`Test Calculator component matches snapshot 1`] = `
<div
  className="Calculator"
>
  <span
    className="input"
    title="input"
  >
    0  
  </span>
  <button
    className="char"
    onClick={[Function]}
    type="button"
    value="AC"
  >
    AC
  </button>
  <button
    className="char"
    onClick={[Function]}
    type="button"
    value="+/-"
  >
    +/-
  </button>
  <button
    className="char"
    onClick={[Function]}
    type="button"
    value="%"
  >
    %
  </button>
  <button
    className="char orange"
    onClick={[Function]}
    type="button"
    value="รท"
  >
    รท
  </button>
  <button
    className="char"
    onClick={[Function]}
    type="button"
    value="7"
  >
    7
  </button>
  <button
    className="char"
    onClick={[Function]}
    type="button"
    value="8"
  >
    8
  </button>
  <button
    className="char"
    onClick={[Function]}
    type="button"
    value="9"
  >
    9
  </button>
  <button
    className="char orange"
    onClick={[Function]}
    type="button"
    value="x"
  >
    x
  </button>
  <button
    className="char"
    onClick={[Function]}
    type="button"
    value="4"
  >
    4
  </button>
  <button
    className="char"
    onClick={[Function]}
    type="button"
    value="5"
  >
    5
  </button>
  <button
    className="char"
    onClick={[Function]}
    type="button"
    value="6"
  >
    6
  </button>
  <button
    className="char orange"
    onClick={[Function]}
    type="button"
    value="-"
  >
    -
  </button>
  <button
    className="char"
    onClick={[Function]}
    type="button"
    value="1"
  >
    1
  </button>
  <button
    className="char"
    onClick={[Function]}
    type="button"
    value="2"
  >
    2
  </button>
  <button
    className="char"
    onClick={[Function]}
    type="button"
    value="3"
  >
    3
  </button>
  <button
    className="char orange"
    onClick={[Function]}
    type="button"
    value="+"
  >
    +
  </button>
  <button
    className="zero"
    onClick={[Function]}
    type="button"
    value="0"
  >
    0
  </button>
  <button
    className="char"
    onClick={[Function]}
    type="button"
    value="."
  >
    .
  </button>
  <button
    className="char orange"
    onClick={[Function]}
    type="button"
    value="="
  >
    =
  </button>
</div>
`;
